// Jest Snapshot v1, https://goo.gl/fbAQLP

exports[`Inputs/Toggler/Toggler Component is named well 1`] = `
<div class="toggler"><input id="input-1" type="checkbox" value="false"> <label for="input-1">
    <div class="toggler__state-background">
      <div class="toggler__state"></div>
    </div>
    <!---->
  </label> </div>
`;
