// Jest Snapshot v1, https://goo.gl/fbAQLP

exports[`TreeDesigner/DesignerBackgroundLayer Check main classes witch default props 1`] = `
<div class="designer-background-layer template-grid-background-layer__border-top">
  <div shadow-id="0" class="designer-background-item"></div>
  <div shadow-id="1" class="designer-background-item"></div>
  <div shadow-id="2" class="designer-background-item designer-background-item--last-row"></div>
  <div shadow-id="3" class="designer-background-item designer-background-item--last-row"></div>
</div>
`;
