// Jest Snapshot v1, https://goo.gl/fbAQLP

exports[`Navigation/MenuList Component is named well 1`] = `
<div class="menu-section">
  <!---->
  <ul class="menu-section__list">
    <li class="list-element list-element--selected">
      <nuxtlink-stub to="[object Object]" class="list-element__link">
        <!----> <span class="link-text font--medium-16-24">Products catalog</span></nuxtlink-stub>
    </li>
  </ul>
</div>
`;
