// Jest Snapshot v1, https://goo.gl/fbAQLP

exports[`Navigation/MenuList Component is named well 1`] = `
<div class="menu-section">
  <!---->
  <ul class="menu-section__list">
    <li class="list-element list-element--selected">
      <nuxtlink-stub to="[object Object]" class="list-element__link">
        <baseicon-stub iconname="box" width="24" height="24" iconcolor="currentColor">
          <path d="M14,2 L6,2 C4.9,2 4.01,2.9 4.01,4 L4,20 C4,21.1 4.89,22 5.99,22 L18,22 C19.1,22 20,21.1 20,20 L20,8 L14,2 L14,2 Z M16,18 L8,18 L8,16 L16,16 L16,18 L16,18 Z M16,14 L8,14 L8,12 L16,12 L16,14 L16,14 Z M13,9 L13,3.5 L18.5,9 L13,9 L13,9 Z"></path>
        </baseicon-stub> <span class="link-text font--medium-16-24">Products catalog</span>
      </nuxtlink-stub>
    </li>
  </ul>
</div>
`;
